// Jest Snapshot v1, https://goo.gl/fbAQLP

exports[`App matches snapshot 1`] = `
Array [
  <figure
    className="avatar"
  >
    <img
      alt="Kivlor"
      src="test-file-stub"
    />
  </figure>,
  <section
    className="bio"
  >
    <p>
      Andrew Gallagher, 
      <em>
        aka
      </em>
       Kivlor.
    </p>
    <p>
      Maker, Coder, Tourist, Geek.
    </p>
  </section>,
  <nav
    className="links"
  >
    <ul>
      <li>
        <a
          className="gitlab"
          href="http://gitlab.com/kivlor"
          target="_blank"
        >
          gitlab
        </a>
      </li>
      <li>
        <a
          className="github"
          href="http://github.com/kivlor"
          target="_blank"
        >
          github
        </a>
      </li>
      <li>
        <a
          className="instagram"
          href="http://instagram.com/kivlor"
          target="_blank"
        >
          instagram
        </a>
      </li>
    </ul>
  </nav>,
]
`;
