// Jest Snapshot v1, https://goo.gl/fbAQLP

exports[`Social matches snapshot 1`] = `
<nav
  className="links"
>
  <ul>
    <li>
      <a
        className="github"
        href="http://github.com/kivlor"
        target="_blank"
      >
        github
      </a>
    </li>
    <li>
      <a
        className="instagram"
        href="http://instagram.com/kivlor"
        target="_blank"
      >
        instagram
      </a>
    </li>
    <li>
      <a
        className="twitter"
        href="http://twitter.com/kivlor"
        target="_blank"
      >
        twitter
      </a>
    </li>
  </ul>
</nav>
`;
